// Jest Snapshot v1, https://goo.gl/fbAQLP

exports[`Pruebas en AddCategory.js Debe mostrarse correctamente 1`] = `
<form
  onSubmit={[Function]}
>
  <p />
  <p>
    Submit a new category: 
  </p>
  <input
    onChange={[Function]}
    type="text"
    value=""
  />
</form>
`;
